/home/tom/miniconda3/envs/mlagents/lib/python3.10/site-packages/mlagents/torch_utils/torch.py:4: UserWarning: pkg_resources is deprecated as an API. See https://setuptools.pypa.io/en/latest/pkg_resources.html. The pkg_resources package is slated for removal as early as 2025-11-30. Refrain from using this package or pin to Setuptools<81.
  import pkg_resources

            ┐  ╖
        ╓╖╬│╡  ││╬╖╖
    ╓╖╬│││││┘  ╬│││││╬╖
 ╖╬│││││╬╜        ╙╬│││││╖╖                               ╗╗╗
 ╬╬╬╬╖││╦╖        ╖╬││╗╣╣╣╬      ╟╣╣╬    ╟╣╣╣             ╜╜╜  ╟╣╣
 ╬╬╬╬╬╬╬╬╖│╬╖╖╓╬╪│╓╣╣╣╣╣╣╣╬      ╟╣╣╬    ╟╣╣╣ ╒╣╣╖╗╣╣╣╗   ╣╣╣ ╣╣╣╣╣╣ ╟╣╣╖   ╣╣╣
 ╬╬╬╬┐  ╙╬╬╬╬│╓╣╣╣╝╜  ╫╣╣╣╬      ╟╣╣╬    ╟╣╣╣ ╟╣╣╣╙ ╙╣╣╣  ╣╣╣ ╙╟╣╣╜╙  ╫╣╣  ╟╣╣
 ╬╬╬╬┐     ╙╬╬╣╣      ╫╣╣╣╬      ╟╣╣╬    ╟╣╣╣ ╟╣╣╬   ╣╣╣  ╣╣╣  ╟╣╣     ╣╣╣┌╣╣╜
 ╬╬╬╜       ╬╬╣╣      ╙╝╣╣╬      ╙╣╣╣╗╖╓╗╣╣╣╜ ╟╣╣╬   ╣╣╣  ╣╣╣  ╟╣╣╦╓    ╣╣╣╣╣
 ╙   ╓╦╖    ╬╬╣╣   ╓╗╗╖            ╙╝╣╣╣╣╝╜   ╘╝╝╜   ╝╝╝  ╝╝╝   ╙╣╣╣    ╟╣╣╣
   ╩╬╬╬╬╬╬╦╦╬╬╣╣╗╣╣╣╣╣╣╣╝                                             ╫╣╣╣╣
      ╙╬╬╬╬╬╬╬╣╣╣╣╣╣╝╜
          ╙╬╬╬╣╣╣╜
             ╙
        
 Version information:
  ml-agents: 1.1.0,
  ml-agents-envs: 1.1.0,
  Communicator API: 1.5.0,
  PyTorch: 2.8.0+cu128
[INFO] Connected to Unity environment with package version 3.0.0-exp.1 and communication version 1.5.0
[INFO] Connected new brain: OctagonAgentSolo?team=0
[INFO] Hyperparameters for behavior name OctagonAgentSolo: 
	trainer_type:	ppo
	hyperparameters:	
	  batch_size:	512
	  buffer_size:	10240
	  learning_rate:	0.0003
	  beta:	0.005
	  epsilon:	0.2
	  lambd:	0.95
	  num_epoch:	3
	  shared_critic:	False
	  learning_rate_schedule:	linear
	  beta_schedule:	linear
	  epsilon_schedule:	linear
	checkpoint_interval:	100000
	network_settings:	
	  normalize:	False
	  hidden_units:	512
	  num_layers:	2
	  vis_encode_type:	simple
	  memory:	
	    sequence_length:	64
	    memory_size:	256
	  goal_conditioning_type:	hyper
	  deterministic:	False
	reward_signals:	
	  extrinsic:	
	    gamma:	0.99
	    strength:	1.0
	    network_settings:	
	      normalize:	False
	      hidden_units:	128
	      num_layers:	2
	      vis_encode_type:	simple
	      memory:	None
	      goal_conditioning_type:	hyper
	      deterministic:	False
	  rnd:	
	    gamma:	0.99
	    strength:	0.01
	    network_settings:	
	      normalize:	False
	      hidden_units:	128
	      num_layers:	2
	      vis_encode_type:	simple
	      memory:	None
	      goal_conditioning_type:	hyper
	      deterministic:	False
	    learning_rate:	0.0001
	    encoding_size:	None
	init_path:	None
	keep_checkpoints:	30
	even_checkpoints:	False
	max_steps:	3000000
	time_horizon:	128
	summary_freq:	20000
	threaded:	False
	self_play:	None
	behavioral_cloning:	None
[INFO] Resuming from results/2605/260515/260515_0007/OctagonAgentSolo.
[INFO] Resuming training from step 3000068.
[INFO] Parameter 'step_penalty' is in lesson 'step_penalty' and has value 'Float: value=0.001'.
[INFO] OctagonAgentSolo. Step: 3020000. Time Elapsed: 185.929 s. Mean Reward: 0.435. Std of Reward: 0.235. Not Training.
[INFO] OctagonAgentSolo. Step: 3040000. Time Elapsed: 375.856 s. Mean Reward: 0.463. Std of Reward: 0.220. Not Training.
[INFO] OctagonAgentSolo. Step: 3060000. Time Elapsed: 563.607 s. Mean Reward: 0.492. Std of Reward: 0.187. Not Training.
[INFO] OctagonAgentSolo. Step: 3080000. Time Elapsed: 752.866 s. Mean Reward: 0.467. Std of Reward: 0.208. Not Training.
[INFO] OctagonAgentSolo. Step: 3100000. Time Elapsed: 941.167 s. Mean Reward: 0.457. Std of Reward: 0.217. Not Training.
/home/tom/miniconda3/envs/mlagents/lib/python3.10/site-packages/torch/onnx/symbolic_opset9.py:4244: UserWarning: Exporting a model to ONNX with a batch_size other than 1, with a variable length with LSTM can cause an error when running the ONNX model with a different batch size. Make sure to save the model with a batch size of 1, or define the initial states (h0/c0) as inputs of the model. 
  warnings.warn(
[INFO] Exported results/2605/260515/260515_0007/OctagonAgentSolo/OctagonAgentSolo-3099903.onnx
[INFO] OctagonAgentSolo. Step: 3120000. Time Elapsed: 1130.606 s. Mean Reward: 0.460. Std of Reward: 0.207. Not Training.
[INFO] OctagonAgentSolo. Step: 3140000. Time Elapsed: 1320.697 s. Mean Reward: 0.448. Std of Reward: 0.233. Not Training.
[INFO] OctagonAgentSolo. Step: 3160000. Time Elapsed: 1509.841 s. Mean Reward: 0.500. Std of Reward: 0.183. Not Training.
[INFO] OctagonAgentSolo. Step: 3180000. Time Elapsed: 1700.331 s. Mean Reward: 0.484. Std of Reward: 0.194. Not Training.
[INFO] OctagonAgentSolo. Step: 3200000. Time Elapsed: 1891.519 s. Mean Reward: 0.440. Std of Reward: 0.232. Not Training.
[INFO] Exported results/2605/260515/260515_0007/OctagonAgentSolo/OctagonAgentSolo-3199981.onnx
[INFO] OctagonAgentSolo. Step: 3220000. Time Elapsed: 2082.957 s. Mean Reward: 0.460. Std of Reward: 0.210. Not Training.
[INFO] OctagonAgentSolo. Step: 3240000. Time Elapsed: 2272.983 s. Mean Reward: 0.484. Std of Reward: 0.181. Not Training.
[INFO] OctagonAgentSolo. Step: 3260000. Time Elapsed: 2464.161 s. Mean Reward: 0.518. Std of Reward: 0.164. Not Training.
[INFO] OctagonAgentSolo. Step: 3280000. Time Elapsed: 2655.016 s. Mean Reward: 0.496. Std of Reward: 0.191. Not Training.
[INFO] OctagonAgentSolo. Step: 3300000. Time Elapsed: 2845.738 s. Mean Reward: 0.493. Std of Reward: 0.185. Not Training.
[INFO] Exported results/2605/260515/260515_0007/OctagonAgentSolo/OctagonAgentSolo-3299923.onnx
[INFO] OctagonAgentSolo. Step: 3320000. Time Elapsed: 3037.576 s. Mean Reward: 0.467. Std of Reward: 0.212. Not Training.
[INFO] OctagonAgentSolo. Step: 3340000. Time Elapsed: 3228.266 s. Mean Reward: 0.490. Std of Reward: 0.188. Not Training.
[INFO] OctagonAgentSolo. Step: 3360000. Time Elapsed: 3418.784 s. Mean Reward: 0.476. Std of Reward: 0.218. Not Training.
[INFO] OctagonAgentSolo. Step: 3380000. Time Elapsed: 3610.124 s. Mean Reward: 0.427. Std of Reward: 0.254. Not Training.
[INFO] OctagonAgentSolo. Step: 3400000. Time Elapsed: 3801.948 s. Mean Reward: 0.480. Std of Reward: 0.215. Not Training.
[INFO] Exported results/2605/260515/260515_0007/OctagonAgentSolo/OctagonAgentSolo-3399987.onnx
[INFO] OctagonAgentSolo. Step: 3420000. Time Elapsed: 3993.486 s. Mean Reward: 0.522. Std of Reward: 0.158. Not Training.
[INFO] OctagonAgentSolo. Step: 3440000. Time Elapsed: 4186.451 s. Mean Reward: 0.488. Std of Reward: 0.189. Not Training.
[INFO] OctagonAgentSolo. Step: 3460000. Time Elapsed: 4381.694 s. Mean Reward: 0.517. Std of Reward: 0.134. Not Training.
[INFO] OctagonAgentSolo. Step: 3480000. Time Elapsed: 4576.817 s. Mean Reward: 0.520. Std of Reward: 0.165. Not Training.
[INFO] OctagonAgentSolo. Step: 3500000. Time Elapsed: 4771.129 s. Mean Reward: 0.489. Std of Reward: 0.189. Not Training.
[INFO] Exported results/2605/260515/260515_0007/OctagonAgentSolo/OctagonAgentSolo-3499877.onnx
[INFO] OctagonAgentSolo. Step: 3520000. Time Elapsed: 4965.484 s. Mean Reward: 0.521. Std of Reward: 0.162. Not Training.
