/home/tom/miniconda3/envs/mlagents/lib/python3.10/site-packages/mlagents/torch_utils/torch.py:4: UserWarning: pkg_resources is deprecated as an API. See https://setuptools.pypa.io/en/latest/pkg_resources.html. The pkg_resources package is slated for removal as early as 2025-11-30. Refrain from using this package or pin to Setuptools<81.
  import pkg_resources

            ┐  ╖
        ╓╖╬│╡  ││╬╖╖
    ╓╖╬│││││┘  ╬│││││╬╖
 ╖╬│││││╬╜        ╙╬│││││╖╖                               ╗╗╗
 ╬╬╬╬╖││╦╖        ╖╬││╗╣╣╣╬      ╟╣╣╬    ╟╣╣╣             ╜╜╜  ╟╣╣
 ╬╬╬╬╬╬╬╬╖│╬╖╖╓╬╪│╓╣╣╣╣╣╣╣╬      ╟╣╣╬    ╟╣╣╣ ╒╣╣╖╗╣╣╣╗   ╣╣╣ ╣╣╣╣╣╣ ╟╣╣╖   ╣╣╣
 ╬╬╬╬┐  ╙╬╬╬╬│╓╣╣╣╝╜  ╫╣╣╣╬      ╟╣╣╬    ╟╣╣╣ ╟╣╣╣╙ ╙╣╣╣  ╣╣╣ ╙╟╣╣╜╙  ╫╣╣  ╟╣╣
 ╬╬╬╬┐     ╙╬╬╣╣      ╫╣╣╣╬      ╟╣╣╬    ╟╣╣╣ ╟╣╣╬   ╣╣╣  ╣╣╣  ╟╣╣     ╣╣╣┌╣╣╜
 ╬╬╬╜       ╬╬╣╣      ╙╝╣╣╬      ╙╣╣╣╗╖╓╗╣╣╣╜ ╟╣╣╬   ╣╣╣  ╣╣╣  ╟╣╣╦╓    ╣╣╣╣╣
 ╙   ╓╦╖    ╬╬╣╣   ╓╗╗╖            ╙╝╣╣╣╣╝╜   ╘╝╝╜   ╝╝╝  ╝╝╝   ╙╣╣╣    ╟╣╣╣
   ╩╬╬╬╬╬╬╦╦╬╬╣╣╗╣╣╣╣╣╣╣╝                                             ╫╣╣╣╣
      ╙╬╬╬╬╬╬╬╣╣╣╣╣╣╝╜
          ╙╬╬╬╣╣╣╜
             ╙
        
 Version information:
  ml-agents: 1.1.0,
  ml-agents-envs: 1.1.0,
  Communicator API: 1.5.0,
  PyTorch: 2.8.0+cu128
[INFO] Connected to Unity environment with package version 3.0.0-exp.1 and communication version 1.5.0
[INFO] Connected new brain: OctagonAgentSolo?team=0
[INFO] Hyperparameters for behavior name OctagonAgentSolo: 
	trainer_type:	ppo
	hyperparameters:	
	  batch_size:	512
	  buffer_size:	10240
	  learning_rate:	0.0003
	  beta:	0.005
	  epsilon:	0.2
	  lambd:	0.95
	  num_epoch:	3
	  shared_critic:	False
	  learning_rate_schedule:	linear
	  beta_schedule:	linear
	  epsilon_schedule:	linear
	checkpoint_interval:	100000
	network_settings:	
	  normalize:	False
	  hidden_units:	512
	  num_layers:	2
	  vis_encode_type:	simple
	  memory:	
	    sequence_length:	64
	    memory_size:	256
	  goal_conditioning_type:	hyper
	  deterministic:	False
	reward_signals:	
	  extrinsic:	
	    gamma:	0.99
	    strength:	1.0
	    network_settings:	
	      normalize:	False
	      hidden_units:	128
	      num_layers:	2
	      vis_encode_type:	simple
	      memory:	None
	      goal_conditioning_type:	hyper
	      deterministic:	False
	  rnd:	
	    gamma:	0.99
	    strength:	0.01
	    network_settings:	
	      normalize:	False
	      hidden_units:	128
	      num_layers:	2
	      vis_encode_type:	simple
	      memory:	None
	      goal_conditioning_type:	hyper
	      deterministic:	False
	    learning_rate:	0.0001
	    encoding_size:	None
	init_path:	None
	keep_checkpoints:	30
	even_checkpoints:	False
	max_steps:	3000000
	time_horizon:	128
	summary_freq:	20000
	threaded:	False
	self_play:	None
	behavioral_cloning:	None
[INFO] Resuming from results/2605/260515/260515_0002/OctagonAgentSolo.
[INFO] Resuming training from step 3000086.
[INFO] Parameter 'step_penalty' is in lesson 'step_penalty' and has value 'Float: value=0.001'.
[INFO] OctagonAgentSolo. Step: 3020000. Time Elapsed: 182.581 s. Mean Reward: 0.547. Std of Reward: 0.053. Not Training.
[INFO] OctagonAgentSolo. Step: 3040000. Time Elapsed: 368.101 s. Mean Reward: 0.542. Std of Reward: 0.043. Not Training.
[INFO] OctagonAgentSolo. Step: 3060000. Time Elapsed: 552.808 s. Mean Reward: 0.560. Std of Reward: 0.048. Not Training.
[INFO] OctagonAgentSolo. Step: 3080000. Time Elapsed: 737.460 s. Mean Reward: 0.542. Std of Reward: 0.048. Not Training.
[INFO] OctagonAgentSolo. Step: 3100000. Time Elapsed: 922.854 s. Mean Reward: 0.546. Std of Reward: 0.049. Not Training.
/home/tom/miniconda3/envs/mlagents/lib/python3.10/site-packages/torch/onnx/symbolic_opset9.py:4244: UserWarning: Exporting a model to ONNX with a batch_size other than 1, with a variable length with LSTM can cause an error when running the ONNX model with a different batch size. Make sure to save the model with a batch size of 1, or define the initial states (h0/c0) as inputs of the model. 
  warnings.warn(
[INFO] Exported results/2605/260515/260515_0002/OctagonAgentSolo/OctagonAgentSolo-3099978.onnx
[INFO] OctagonAgentSolo. Step: 3120000. Time Elapsed: 1108.386 s. Mean Reward: 0.550. Std of Reward: 0.053. Not Training.
[INFO] OctagonAgentSolo. Step: 3140000. Time Elapsed: 1294.313 s. Mean Reward: 0.543. Std of Reward: 0.051. Not Training.
[INFO] OctagonAgentSolo. Step: 3160000. Time Elapsed: 1480.786 s. Mean Reward: 0.554. Std of Reward: 0.044. Not Training.
[INFO] OctagonAgentSolo. Step: 3180000. Time Elapsed: 1667.818 s. Mean Reward: 0.554. Std of Reward: 0.048. Not Training.
[INFO] OctagonAgentSolo. Step: 3200000. Time Elapsed: 1853.827 s. Mean Reward: 0.544. Std of Reward: 0.045. Not Training.
[INFO] Exported results/2605/260515/260515_0002/OctagonAgentSolo/OctagonAgentSolo-3199951.onnx
[INFO] OctagonAgentSolo. Step: 3220000. Time Elapsed: 2039.936 s. Mean Reward: 0.565. Std of Reward: 0.046. Not Training.
[INFO] OctagonAgentSolo. Step: 3240000. Time Elapsed: 2227.216 s. Mean Reward: 0.538. Std of Reward: 0.089. Not Training.
[INFO] OctagonAgentSolo. Step: 3260000. Time Elapsed: 2415.522 s. Mean Reward: 0.555. Std of Reward: 0.053. Not Training.
[INFO] OctagonAgentSolo. Step: 3280000. Time Elapsed: 2603.686 s. Mean Reward: 0.549. Std of Reward: 0.094. Not Training.
[INFO] OctagonAgentSolo. Step: 3300000. Time Elapsed: 2791.644 s. Mean Reward: 0.545. Std of Reward: 0.045. Not Training.
[INFO] Exported results/2605/260515/260515_0002/OctagonAgentSolo/OctagonAgentSolo-3299951.onnx
[INFO] OctagonAgentSolo. Step: 3320000. Time Elapsed: 2979.459 s. Mean Reward: 0.560. Std of Reward: 0.047. Not Training.
[INFO] OctagonAgentSolo. Step: 3340000. Time Elapsed: 3167.304 s. Mean Reward: 0.561. Std of Reward: 0.051. Not Training.
[INFO] OctagonAgentSolo. Step: 3360000. Time Elapsed: 3354.376 s. Mean Reward: 0.545. Std of Reward: 0.055. Not Training.
[INFO] OctagonAgentSolo. Step: 3380000. Time Elapsed: 3542.339 s. Mean Reward: 0.543. Std of Reward: 0.045. Not Training.
[INFO] OctagonAgentSolo. Step: 3400000. Time Elapsed: 3730.345 s. Mean Reward: 0.539. Std of Reward: 0.053. Not Training.
[INFO] Exported results/2605/260515/260515_0002/OctagonAgentSolo/OctagonAgentSolo-3399974.onnx
[INFO] OctagonAgentSolo. Step: 3420000. Time Elapsed: 3920.630 s. Mean Reward: 0.544. Std of Reward: 0.043. Not Training.
[INFO] OctagonAgentSolo. Step: 3440000. Time Elapsed: 4110.691 s. Mean Reward: 0.549. Std of Reward: 0.051. Not Training.
[INFO] OctagonAgentSolo. Step: 3460000. Time Elapsed: 4303.079 s. Mean Reward: 0.556. Std of Reward: 0.051. Not Training.
[INFO] OctagonAgentSolo. Step: 3480000. Time Elapsed: 4495.168 s. Mean Reward: 0.554. Std of Reward: 0.052. Not Training.
[INFO] OctagonAgentSolo. Step: 3500000. Time Elapsed: 4687.120 s. Mean Reward: 0.540. Std of Reward: 0.039. Not Training.
[INFO] Exported results/2605/260515/260515_0002/OctagonAgentSolo/OctagonAgentSolo-3499983.onnx
[INFO] OctagonAgentSolo. Step: 3520000. Time Elapsed: 4877.972 s. Mean Reward: 0.553. Std of Reward: 0.048. Not Training.
