/home/tom/miniconda3/envs/mlagents/lib/python3.10/site-packages/mlagents/torch_utils/torch.py:4: UserWarning: pkg_resources is deprecated as an API. See https://setuptools.pypa.io/en/latest/pkg_resources.html. The pkg_resources package is slated for removal as early as 2025-11-30. Refrain from using this package or pin to Setuptools<81.
  import pkg_resources

            ┐  ╖
        ╓╖╬│╡  ││╬╖╖
    ╓╖╬│││││┘  ╬│││││╬╖
 ╖╬│││││╬╜        ╙╬│││││╖╖                               ╗╗╗
 ╬╬╬╬╖││╦╖        ╖╬││╗╣╣╣╬      ╟╣╣╬    ╟╣╣╣             ╜╜╜  ╟╣╣
 ╬╬╬╬╬╬╬╬╖│╬╖╖╓╬╪│╓╣╣╣╣╣╣╣╬      ╟╣╣╬    ╟╣╣╣ ╒╣╣╖╗╣╣╣╗   ╣╣╣ ╣╣╣╣╣╣ ╟╣╣╖   ╣╣╣
 ╬╬╬╬┐  ╙╬╬╬╬│╓╣╣╣╝╜  ╫╣╣╣╬      ╟╣╣╬    ╟╣╣╣ ╟╣╣╣╙ ╙╣╣╣  ╣╣╣ ╙╟╣╣╜╙  ╫╣╣  ╟╣╣
 ╬╬╬╬┐     ╙╬╬╣╣      ╫╣╣╣╬      ╟╣╣╬    ╟╣╣╣ ╟╣╣╬   ╣╣╣  ╣╣╣  ╟╣╣     ╣╣╣┌╣╣╜
 ╬╬╬╜       ╬╬╣╣      ╙╝╣╣╬      ╙╣╣╣╗╖╓╗╣╣╣╜ ╟╣╣╬   ╣╣╣  ╣╣╣  ╟╣╣╦╓    ╣╣╣╣╣
 ╙   ╓╦╖    ╬╬╣╣   ╓╗╗╖            ╙╝╣╣╣╣╝╜   ╘╝╝╜   ╝╝╝  ╝╝╝   ╙╣╣╣    ╟╣╣╣
   ╩╬╬╬╬╬╬╦╦╬╬╣╣╗╣╣╣╣╣╣╣╝                                             ╫╣╣╣╣
      ╙╬╬╬╬╬╬╬╣╣╣╣╣╣╝╜
          ╙╬╬╬╣╣╣╜
             ╙
        
 Version information:
  ml-agents: 1.1.0,
  ml-agents-envs: 1.1.0,
  Communicator API: 1.5.0,
  PyTorch: 2.8.0+cu128
[INFO] Connected to Unity environment with package version 3.0.0-exp.1 and communication version 1.5.0
[INFO] Connected new brain: OctagonAgentSolo?team=0
[INFO] Hyperparameters for behavior name OctagonAgentSolo: 
	trainer_type:	ppo
	hyperparameters:	
	  batch_size:	512
	  buffer_size:	10240
	  learning_rate:	0.0003
	  beta:	0.005
	  epsilon:	0.2
	  lambd:	0.95
	  num_epoch:	3
	  shared_critic:	False
	  learning_rate_schedule:	linear
	  beta_schedule:	linear
	  epsilon_schedule:	linear
	checkpoint_interval:	100000
	network_settings:	
	  normalize:	False
	  hidden_units:	512
	  num_layers:	2
	  vis_encode_type:	simple
	  memory:	
	    sequence_length:	64
	    memory_size:	256
	  goal_conditioning_type:	hyper
	  deterministic:	False
	reward_signals:	
	  extrinsic:	
	    gamma:	0.99
	    strength:	1.0
	    network_settings:	
	      normalize:	False
	      hidden_units:	128
	      num_layers:	2
	      vis_encode_type:	simple
	      memory:	None
	      goal_conditioning_type:	hyper
	      deterministic:	False
	  rnd:	
	    gamma:	0.99
	    strength:	0.01
	    network_settings:	
	      normalize:	False
	      hidden_units:	128
	      num_layers:	2
	      vis_encode_type:	simple
	      memory:	None
	      goal_conditioning_type:	hyper
	      deterministic:	False
	    learning_rate:	0.0001
	    encoding_size:	None
	init_path:	None
	keep_checkpoints:	30
	even_checkpoints:	False
	max_steps:	3000000
	time_horizon:	128
	summary_freq:	20000
	threaded:	False
	self_play:	None
	behavioral_cloning:	None
[INFO] Resuming from results/2605/260515/260515_0010/OctagonAgentSolo.
[INFO] Resuming training from step 3000083.
[INFO] Parameter 'step_penalty' is in lesson 'step_penalty' and has value 'Float: value=0.001'.
[INFO] OctagonAgentSolo. Step: 3020000. Time Elapsed: 191.594 s. Mean Reward: 0.527. Std of Reward: 0.174. Not Training.
[INFO] OctagonAgentSolo. Step: 3040000. Time Elapsed: 385.769 s. Mean Reward: 0.467. Std of Reward: 0.246. Not Training.
[INFO] OctagonAgentSolo. Step: 3060000. Time Elapsed: 578.553 s. Mean Reward: 0.481. Std of Reward: 0.231. Not Training.
[INFO] OctagonAgentSolo. Step: 3080000. Time Elapsed: 772.199 s. Mean Reward: 0.520. Std of Reward: 0.181. Not Training.
[INFO] OctagonAgentSolo. Step: 3100000. Time Elapsed: 965.496 s. Mean Reward: 0.476. Std of Reward: 0.224. Not Training.
/home/tom/miniconda3/envs/mlagents/lib/python3.10/site-packages/torch/onnx/symbolic_opset9.py:4244: UserWarning: Exporting a model to ONNX with a batch_size other than 1, with a variable length with LSTM can cause an error when running the ONNX model with a different batch size. Make sure to save the model with a batch size of 1, or define the initial states (h0/c0) as inputs of the model. 
  warnings.warn(
[INFO] Exported results/2605/260515/260515_0010/OctagonAgentSolo/OctagonAgentSolo-3099959.onnx
[INFO] OctagonAgentSolo. Step: 3120000. Time Elapsed: 1160.607 s. Mean Reward: 0.514. Std of Reward: 0.199. Not Training.
[INFO] OctagonAgentSolo. Step: 3140000. Time Elapsed: 1354.180 s. Mean Reward: 0.505. Std of Reward: 0.198. Not Training.
[INFO] OctagonAgentSolo. Step: 3160000. Time Elapsed: 1549.918 s. Mean Reward: 0.542. Std of Reward: 0.153. Not Training.
[INFO] OctagonAgentSolo. Step: 3180000. Time Elapsed: 1744.987 s. Mean Reward: 0.536. Std of Reward: 0.190. Not Training.
[INFO] OctagonAgentSolo. Step: 3200000. Time Elapsed: 1938.924 s. Mean Reward: 0.484. Std of Reward: 0.207. Not Training.
[INFO] Exported results/2605/260515/260515_0010/OctagonAgentSolo/OctagonAgentSolo-3199883.onnx
[INFO] OctagonAgentSolo. Step: 3220000. Time Elapsed: 2134.081 s. Mean Reward: 0.522. Std of Reward: 0.185. Not Training.
[INFO] OctagonAgentSolo. Step: 3240000. Time Elapsed: 2328.666 s. Mean Reward: 0.484. Std of Reward: 0.219. Not Training.
[INFO] OctagonAgentSolo. Step: 3260000. Time Elapsed: 2523.921 s. Mean Reward: 0.529. Std of Reward: 0.180. Not Training.
[INFO] OctagonAgentSolo. Step: 3280000. Time Elapsed: 2719.844 s. Mean Reward: 0.542. Std of Reward: 0.160. Not Training.
[INFO] OctagonAgentSolo. Step: 3300000. Time Elapsed: 2914.522 s. Mean Reward: 0.486. Std of Reward: 0.224. Not Training.
[INFO] Exported results/2605/260515/260515_0010/OctagonAgentSolo/OctagonAgentSolo-3299963.onnx
[INFO] OctagonAgentSolo. Step: 3320000. Time Elapsed: 3109.082 s. Mean Reward: 0.460. Std of Reward: 0.241. Not Training.
[INFO] OctagonAgentSolo. Step: 3340000. Time Elapsed: 3304.560 s. Mean Reward: 0.518. Std of Reward: 0.199. Not Training.
[INFO] OctagonAgentSolo. Step: 3360000. Time Elapsed: 3500.036 s. Mean Reward: 0.509. Std of Reward: 0.223. Not Training.
[INFO] OctagonAgentSolo. Step: 3380000. Time Elapsed: 3697.559 s. Mean Reward: 0.475. Std of Reward: 0.232. Not Training.
[INFO] OctagonAgentSolo. Step: 3400000. Time Elapsed: 3892.292 s. Mean Reward: 0.527. Std of Reward: 0.179. Not Training.
[INFO] Exported results/2605/260515/260515_0010/OctagonAgentSolo/OctagonAgentSolo-3399893.onnx
[INFO] OctagonAgentSolo. Step: 3420000. Time Elapsed: 4088.694 s. Mean Reward: 0.514. Std of Reward: 0.200. Not Training.
[INFO] OctagonAgentSolo. Step: 3440000. Time Elapsed: 4284.935 s. Mean Reward: 0.543. Std of Reward: 0.169. Not Training.
[INFO] OctagonAgentSolo. Step: 3460000. Time Elapsed: 4481.195 s. Mean Reward: 0.505. Std of Reward: 0.211. Not Training.
[INFO] OctagonAgentSolo. Step: 3480000. Time Elapsed: 4676.590 s. Mean Reward: 0.504. Std of Reward: 0.208. Not Training.
[INFO] OctagonAgentSolo. Step: 3500000. Time Elapsed: 4871.636 s. Mean Reward: 0.495. Std of Reward: 0.207. Not Training.
[INFO] Exported results/2605/260515/260515_0010/OctagonAgentSolo/OctagonAgentSolo-3499883.onnx
