/home/tom/miniconda3/envs/mlagents/lib/python3.10/site-packages/mlagents/torch_utils/torch.py:4: UserWarning: pkg_resources is deprecated as an API. See https://setuptools.pypa.io/en/latest/pkg_resources.html. The pkg_resources package is slated for removal as early as 2025-11-30. Refrain from using this package or pin to Setuptools<81.
  import pkg_resources

            ┐  ╖
        ╓╖╬│╡  ││╬╖╖
    ╓╖╬│││││┘  ╬│││││╬╖
 ╖╬│││││╬╜        ╙╬│││││╖╖                               ╗╗╗
 ╬╬╬╬╖││╦╖        ╖╬││╗╣╣╣╬      ╟╣╣╬    ╟╣╣╣             ╜╜╜  ╟╣╣
 ╬╬╬╬╬╬╬╬╖│╬╖╖╓╬╪│╓╣╣╣╣╣╣╣╬      ╟╣╣╬    ╟╣╣╣ ╒╣╣╖╗╣╣╣╗   ╣╣╣ ╣╣╣╣╣╣ ╟╣╣╖   ╣╣╣
 ╬╬╬╬┐  ╙╬╬╬╬│╓╣╣╣╝╜  ╫╣╣╣╬      ╟╣╣╬    ╟╣╣╣ ╟╣╣╣╙ ╙╣╣╣  ╣╣╣ ╙╟╣╣╜╙  ╫╣╣  ╟╣╣
 ╬╬╬╬┐     ╙╬╬╣╣      ╫╣╣╣╬      ╟╣╣╬    ╟╣╣╣ ╟╣╣╬   ╣╣╣  ╣╣╣  ╟╣╣     ╣╣╣┌╣╣╜
 ╬╬╬╜       ╬╬╣╣      ╙╝╣╣╬      ╙╣╣╣╗╖╓╗╣╣╣╜ ╟╣╣╬   ╣╣╣  ╣╣╣  ╟╣╣╦╓    ╣╣╣╣╣
 ╙   ╓╦╖    ╬╬╣╣   ╓╗╗╖            ╙╝╣╣╣╣╝╜   ╘╝╝╜   ╝╝╝  ╝╝╝   ╙╣╣╣    ╟╣╣╣
   ╩╬╬╬╬╬╬╦╦╬╬╣╣╗╣╣╣╣╣╣╣╝                                             ╫╣╣╣╣
      ╙╬╬╬╬╬╬╬╣╣╣╣╣╣╝╜
          ╙╬╬╬╣╣╣╜
             ╙
        
 Version information:
  ml-agents: 1.1.0,
  ml-agents-envs: 1.1.0,
  Communicator API: 1.5.0,
  PyTorch: 2.8.0+cu128
[INFO] Connected to Unity environment with package version 3.0.0-exp.1 and communication version 1.5.0
[INFO] Connected new brain: OctagonAgentSolo?team=0
[INFO] Hyperparameters for behavior name OctagonAgentSolo: 
	trainer_type:	ppo
	hyperparameters:	
	  batch_size:	512
	  buffer_size:	10240
	  learning_rate:	0.0003
	  beta:	0.005
	  epsilon:	0.2
	  lambd:	0.95
	  num_epoch:	3
	  shared_critic:	False
	  learning_rate_schedule:	linear
	  beta_schedule:	linear
	  epsilon_schedule:	linear
	checkpoint_interval:	100000
	network_settings:	
	  normalize:	False
	  hidden_units:	512
	  num_layers:	2
	  vis_encode_type:	simple
	  memory:	
	    sequence_length:	64
	    memory_size:	256
	  goal_conditioning_type:	hyper
	  deterministic:	False
	reward_signals:	
	  extrinsic:	
	    gamma:	0.99
	    strength:	1.0
	    network_settings:	
	      normalize:	False
	      hidden_units:	128
	      num_layers:	2
	      vis_encode_type:	simple
	      memory:	None
	      goal_conditioning_type:	hyper
	      deterministic:	False
	  rnd:	
	    gamma:	0.99
	    strength:	0.01
	    network_settings:	
	      normalize:	False
	      hidden_units:	128
	      num_layers:	2
	      vis_encode_type:	simple
	      memory:	None
	      goal_conditioning_type:	hyper
	      deterministic:	False
	    learning_rate:	0.0001
	    encoding_size:	None
	init_path:	None
	keep_checkpoints:	30
	even_checkpoints:	False
	max_steps:	3000000
	time_horizon:	128
	summary_freq:	20000
	threaded:	False
	self_play:	None
	behavioral_cloning:	None
[INFO] Resuming from results/2605/260515/260515_0003/OctagonAgentSolo.
[INFO] Resuming training from step 3000119.
[INFO] Parameter 'step_penalty' is in lesson 'step_penalty' and has value 'Float: value=0.001'.
[INFO] OctagonAgentSolo. Step: 3020000. Time Elapsed: 187.477 s. Mean Reward: 0.470. Std of Reward: 0.213. Not Training.
[INFO] OctagonAgentSolo. Step: 3040000. Time Elapsed: 375.111 s. Mean Reward: 0.469. Std of Reward: 0.218. Not Training.
[INFO] OctagonAgentSolo. Step: 3060000. Time Elapsed: 564.212 s. Mean Reward: 0.463. Std of Reward: 0.222. Not Training.
[INFO] OctagonAgentSolo. Step: 3080000. Time Elapsed: 751.805 s. Mean Reward: 0.509. Std of Reward: 0.145. Not Training.
[INFO] OctagonAgentSolo. Step: 3100000. Time Elapsed: 939.489 s. Mean Reward: 0.457. Std of Reward: 0.245. Not Training.
/home/tom/miniconda3/envs/mlagents/lib/python3.10/site-packages/torch/onnx/symbolic_opset9.py:4244: UserWarning: Exporting a model to ONNX with a batch_size other than 1, with a variable length with LSTM can cause an error when running the ONNX model with a different batch size. Make sure to save the model with a batch size of 1, or define the initial states (h0/c0) as inputs of the model. 
  warnings.warn(
[INFO] Exported results/2605/260515/260515_0003/OctagonAgentSolo/OctagonAgentSolo-3099941.onnx
[INFO] OctagonAgentSolo. Step: 3120000. Time Elapsed: 1129.322 s. Mean Reward: 0.431. Std of Reward: 0.250. Not Training.
[INFO] OctagonAgentSolo. Step: 3140000. Time Elapsed: 1319.590 s. Mean Reward: 0.471. Std of Reward: 0.207. Not Training.
[INFO] OctagonAgentSolo. Step: 3160000. Time Elapsed: 1508.331 s. Mean Reward: 0.464. Std of Reward: 0.232. Not Training.
[INFO] OctagonAgentSolo. Step: 3180000. Time Elapsed: 1698.622 s. Mean Reward: 0.436. Std of Reward: 0.253. Not Training.
[INFO] OctagonAgentSolo. Step: 3200000. Time Elapsed: 1886.755 s. Mean Reward: 0.478. Std of Reward: 0.236. Not Training.
[INFO] Exported results/2605/260515/260515_0003/OctagonAgentSolo/OctagonAgentSolo-3199897.onnx
[INFO] OctagonAgentSolo. Step: 3220000. Time Elapsed: 2076.192 s. Mean Reward: 0.439. Std of Reward: 0.233. Not Training.
[INFO] OctagonAgentSolo. Step: 3240000. Time Elapsed: 2266.494 s. Mean Reward: 0.453. Std of Reward: 0.226. Not Training.
[INFO] OctagonAgentSolo. Step: 3260000. Time Elapsed: 2456.664 s. Mean Reward: 0.491. Std of Reward: 0.204. Not Training.
[INFO] OctagonAgentSolo. Step: 3280000. Time Elapsed: 2645.585 s. Mean Reward: 0.457. Std of Reward: 0.230. Not Training.
[INFO] OctagonAgentSolo. Step: 3300000. Time Elapsed: 2836.252 s. Mean Reward: 0.493. Std of Reward: 0.172. Not Training.
[INFO] Exported results/2605/260515/260515_0003/OctagonAgentSolo/OctagonAgentSolo-3299920.onnx
[INFO] OctagonAgentSolo. Step: 3320000. Time Elapsed: 3027.410 s. Mean Reward: 0.439. Std of Reward: 0.246. Not Training.
[INFO] OctagonAgentSolo. Step: 3340000. Time Elapsed: 3217.779 s. Mean Reward: 0.509. Std of Reward: 0.149. Not Training.
[INFO] OctagonAgentSolo. Step: 3360000. Time Elapsed: 3408.455 s. Mean Reward: 0.470. Std of Reward: 0.219. Not Training.
[INFO] OctagonAgentSolo. Step: 3380000. Time Elapsed: 3598.576 s. Mean Reward: 0.493. Std of Reward: 0.189. Not Training.
[INFO] OctagonAgentSolo. Step: 3400000. Time Elapsed: 3788.463 s. Mean Reward: 0.427. Std of Reward: 0.258. Not Training.
[INFO] Exported results/2605/260515/260515_0003/OctagonAgentSolo/OctagonAgentSolo-3399875.onnx
[INFO] OctagonAgentSolo. Step: 3420000. Time Elapsed: 3979.741 s. Mean Reward: 0.427. Std of Reward: 0.245. Not Training.
[INFO] OctagonAgentSolo. Step: 3440000. Time Elapsed: 4172.003 s. Mean Reward: 0.467. Std of Reward: 0.224. Not Training.
[INFO] OctagonAgentSolo. Step: 3460000. Time Elapsed: 4366.433 s. Mean Reward: 0.487. Std of Reward: 0.195. Not Training.
[INFO] OctagonAgentSolo. Step: 3480000. Time Elapsed: 4560.264 s. Mean Reward: 0.436. Std of Reward: 0.219. Not Training.
[INFO] OctagonAgentSolo. Step: 3500000. Time Elapsed: 4754.698 s. Mean Reward: 0.467. Std of Reward: 0.243. Not Training.
[INFO] Exported results/2605/260515/260515_0003/OctagonAgentSolo/OctagonAgentSolo-3499951.onnx
[INFO] OctagonAgentSolo. Step: 3520000. Time Elapsed: 4949.167 s. Mean Reward: 0.510. Std of Reward: 0.125. Not Training.
