/home/tom/miniconda3/envs/mlagents/lib/python3.10/site-packages/mlagents/torch_utils/torch.py:4: UserWarning: pkg_resources is deprecated as an API. See https://setuptools.pypa.io/en/latest/pkg_resources.html. The pkg_resources package is slated for removal as early as 2025-11-30. Refrain from using this package or pin to Setuptools<81.
  import pkg_resources

            ┐  ╖
        ╓╖╬│╡  ││╬╖╖
    ╓╖╬│││││┘  ╬│││││╬╖
 ╖╬│││││╬╜        ╙╬│││││╖╖                               ╗╗╗
 ╬╬╬╬╖││╦╖        ╖╬││╗╣╣╣╬      ╟╣╣╬    ╟╣╣╣             ╜╜╜  ╟╣╣
 ╬╬╬╬╬╬╬╬╖│╬╖╖╓╬╪│╓╣╣╣╣╣╣╣╬      ╟╣╣╬    ╟╣╣╣ ╒╣╣╖╗╣╣╣╗   ╣╣╣ ╣╣╣╣╣╣ ╟╣╣╖   ╣╣╣
 ╬╬╬╬┐  ╙╬╬╬╬│╓╣╣╣╝╜  ╫╣╣╣╬      ╟╣╣╬    ╟╣╣╣ ╟╣╣╣╙ ╙╣╣╣  ╣╣╣ ╙╟╣╣╜╙  ╫╣╣  ╟╣╣
 ╬╬╬╬┐     ╙╬╬╣╣      ╫╣╣╣╬      ╟╣╣╬    ╟╣╣╣ ╟╣╣╬   ╣╣╣  ╣╣╣  ╟╣╣     ╣╣╣┌╣╣╜
 ╬╬╬╜       ╬╬╣╣      ╙╝╣╣╬      ╙╣╣╣╗╖╓╗╣╣╣╜ ╟╣╣╬   ╣╣╣  ╣╣╣  ╟╣╣╦╓    ╣╣╣╣╣
 ╙   ╓╦╖    ╬╬╣╣   ╓╗╗╖            ╙╝╣╣╣╣╝╜   ╘╝╝╜   ╝╝╝  ╝╝╝   ╙╣╣╣    ╟╣╣╣
   ╩╬╬╬╬╬╬╦╦╬╬╣╣╗╣╣╣╣╣╣╣╝                                             ╫╣╣╣╣
      ╙╬╬╬╬╬╬╬╣╣╣╣╣╣╝╜
          ╙╬╬╬╣╣╣╜
             ╙
        
 Version information:
  ml-agents: 1.1.0,
  ml-agents-envs: 1.1.0,
  Communicator API: 1.5.0,
  PyTorch: 2.8.0+cu128
[INFO] Connected to Unity environment with package version 3.0.0-exp.1 and communication version 1.5.0
[INFO] Connected new brain: OctagonAgentSolo?team=0
[INFO] Hyperparameters for behavior name OctagonAgentSolo: 
	trainer_type:	ppo
	hyperparameters:	
	  batch_size:	512
	  buffer_size:	10240
	  learning_rate:	0.0003
	  beta:	0.005
	  epsilon:	0.2
	  lambd:	0.95
	  num_epoch:	3
	  shared_critic:	False
	  learning_rate_schedule:	linear
	  beta_schedule:	linear
	  epsilon_schedule:	linear
	checkpoint_interval:	100000
	network_settings:	
	  normalize:	False
	  hidden_units:	512
	  num_layers:	2
	  vis_encode_type:	simple
	  memory:	
	    sequence_length:	64
	    memory_size:	256
	  goal_conditioning_type:	hyper
	  deterministic:	False
	reward_signals:	
	  extrinsic:	
	    gamma:	0.99
	    strength:	1.0
	    network_settings:	
	      normalize:	False
	      hidden_units:	128
	      num_layers:	2
	      vis_encode_type:	simple
	      memory:	None
	      goal_conditioning_type:	hyper
	      deterministic:	False
	  rnd:	
	    gamma:	0.99
	    strength:	0.01
	    network_settings:	
	      normalize:	False
	      hidden_units:	128
	      num_layers:	2
	      vis_encode_type:	simple
	      memory:	None
	      goal_conditioning_type:	hyper
	      deterministic:	False
	    learning_rate:	0.0001
	    encoding_size:	None
	init_path:	None
	keep_checkpoints:	30
	even_checkpoints:	False
	max_steps:	3000000
	time_horizon:	128
	summary_freq:	20000
	threaded:	False
	self_play:	None
	behavioral_cloning:	None
[INFO] Resuming from results/2605/260515/260515_0004/OctagonAgentSolo.
[INFO] Resuming training from step 3000075.
[INFO] Parameter 'step_penalty' is in lesson 'step_penalty' and has value 'Float: value=0.001'.
[INFO] OctagonAgentSolo. Step: 3020000. Time Elapsed: 188.810 s. Mean Reward: 0.433. Std of Reward: 0.252. Not Training.
[INFO] OctagonAgentSolo. Step: 3040000. Time Elapsed: 377.604 s. Mean Reward: 0.502. Std of Reward: 0.178. Not Training.
[INFO] OctagonAgentSolo. Step: 3060000. Time Elapsed: 568.563 s. Mean Reward: 0.486. Std of Reward: 0.220. Not Training.
[INFO] OctagonAgentSolo. Step: 3080000. Time Elapsed: 758.512 s. Mean Reward: 0.431. Std of Reward: 0.251. Not Training.
[INFO] OctagonAgentSolo. Step: 3100000. Time Elapsed: 948.099 s. Mean Reward: 0.501. Std of Reward: 0.184. Not Training.
/home/tom/miniconda3/envs/mlagents/lib/python3.10/site-packages/torch/onnx/symbolic_opset9.py:4244: UserWarning: Exporting a model to ONNX with a batch_size other than 1, with a variable length with LSTM can cause an error when running the ONNX model with a different batch size. Make sure to save the model with a batch size of 1, or define the initial states (h0/c0) as inputs of the model. 
  warnings.warn(
[INFO] Exported results/2605/260515/260515_0004/OctagonAgentSolo/OctagonAgentSolo-3099872.onnx
[INFO] OctagonAgentSolo. Step: 3120000. Time Elapsed: 1139.415 s. Mean Reward: 0.397. Std of Reward: 0.270. Not Training.
[INFO] OctagonAgentSolo. Step: 3140000. Time Elapsed: 1330.023 s. Mean Reward: 0.483. Std of Reward: 0.215. Not Training.
[INFO] OctagonAgentSolo. Step: 3160000. Time Elapsed: 1520.126 s. Mean Reward: 0.507. Std of Reward: 0.199. Not Training.
[INFO] OctagonAgentSolo. Step: 3180000. Time Elapsed: 1710.559 s. Mean Reward: 0.500. Std of Reward: 0.183. Not Training.
[INFO] OctagonAgentSolo. Step: 3200000. Time Elapsed: 1900.972 s. Mean Reward: 0.393. Std of Reward: 0.281. Not Training.
[INFO] Exported results/2605/260515/260515_0004/OctagonAgentSolo/OctagonAgentSolo-3199881.onnx
[INFO] OctagonAgentSolo. Step: 3220000. Time Elapsed: 2092.394 s. Mean Reward: 0.473. Std of Reward: 0.238. Not Training.
[INFO] OctagonAgentSolo. Step: 3240000. Time Elapsed: 2282.864 s. Mean Reward: 0.451. Std of Reward: 0.236. Not Training.
[INFO] OctagonAgentSolo. Step: 3260000. Time Elapsed: 2473.988 s. Mean Reward: 0.415. Std of Reward: 0.264. Not Training.
[INFO] OctagonAgentSolo. Step: 3280000. Time Elapsed: 2664.435 s. Mean Reward: 0.406. Std of Reward: 0.261. Not Training.
[INFO] OctagonAgentSolo. Step: 3300000. Time Elapsed: 2854.904 s. Mean Reward: 0.438. Std of Reward: 0.260. Not Training.
[INFO] Exported results/2605/260515/260515_0004/OctagonAgentSolo/OctagonAgentSolo-3299964.onnx
[INFO] OctagonAgentSolo. Step: 3320000. Time Elapsed: 3046.896 s. Mean Reward: 0.484. Std of Reward: 0.224. Not Training.
[INFO] OctagonAgentSolo. Step: 3340000. Time Elapsed: 3239.495 s. Mean Reward: 0.482. Std of Reward: 0.194. Not Training.
[INFO] OctagonAgentSolo. Step: 3360000. Time Elapsed: 3431.216 s. Mean Reward: 0.497. Std of Reward: 0.209. Not Training.
[INFO] OctagonAgentSolo. Step: 3380000. Time Elapsed: 3623.361 s. Mean Reward: 0.521. Std of Reward: 0.151. Not Training.
[INFO] OctagonAgentSolo. Step: 3400000. Time Elapsed: 3815.245 s. Mean Reward: 0.458. Std of Reward: 0.220. Not Training.
[INFO] Exported results/2605/260515/260515_0004/OctagonAgentSolo/OctagonAgentSolo-3399908.onnx
[INFO] OctagonAgentSolo. Step: 3420000. Time Elapsed: 4007.424 s. Mean Reward: 0.475. Std of Reward: 0.204. Not Training.
[INFO] OctagonAgentSolo. Step: 3440000. Time Elapsed: 4199.709 s. Mean Reward: 0.443. Std of Reward: 0.240. Not Training.
[INFO] OctagonAgentSolo. Step: 3460000. Time Elapsed: 4393.187 s. Mean Reward: 0.465. Std of Reward: 0.242. Not Training.
[INFO] OctagonAgentSolo. Step: 3480000. Time Elapsed: 4588.668 s. Mean Reward: 0.452. Std of Reward: 0.244. Not Training.
[INFO] OctagonAgentSolo. Step: 3500000. Time Elapsed: 4784.072 s. Mean Reward: 0.492. Std of Reward: 0.192. Not Training.
[INFO] Exported results/2605/260515/260515_0004/OctagonAgentSolo/OctagonAgentSolo-3499966.onnx
[INFO] OctagonAgentSolo. Step: 3520000. Time Elapsed: 4980.683 s. Mean Reward: 0.446. Std of Reward: 0.231. Not Training.
