/home/tom/miniconda3/envs/mlagents/lib/python3.10/site-packages/mlagents/torch_utils/torch.py:4: UserWarning: pkg_resources is deprecated as an API. See https://setuptools.pypa.io/en/latest/pkg_resources.html. The pkg_resources package is slated for removal as early as 2025-11-30. Refrain from using this package or pin to Setuptools<81.
  import pkg_resources

            ┐  ╖
        ╓╖╬│╡  ││╬╖╖
    ╓╖╬│││││┘  ╬│││││╬╖
 ╖╬│││││╬╜        ╙╬│││││╖╖                               ╗╗╗
 ╬╬╬╬╖││╦╖        ╖╬││╗╣╣╣╬      ╟╣╣╬    ╟╣╣╣             ╜╜╜  ╟╣╣
 ╬╬╬╬╬╬╬╬╖│╬╖╖╓╬╪│╓╣╣╣╣╣╣╣╬      ╟╣╣╬    ╟╣╣╣ ╒╣╣╖╗╣╣╣╗   ╣╣╣ ╣╣╣╣╣╣ ╟╣╣╖   ╣╣╣
 ╬╬╬╬┐  ╙╬╬╬╬│╓╣╣╣╝╜  ╫╣╣╣╬      ╟╣╣╬    ╟╣╣╣ ╟╣╣╣╙ ╙╣╣╣  ╣╣╣ ╙╟╣╣╜╙  ╫╣╣  ╟╣╣
 ╬╬╬╬┐     ╙╬╬╣╣      ╫╣╣╣╬      ╟╣╣╬    ╟╣╣╣ ╟╣╣╬   ╣╣╣  ╣╣╣  ╟╣╣     ╣╣╣┌╣╣╜
 ╬╬╬╜       ╬╬╣╣      ╙╝╣╣╬      ╙╣╣╣╗╖╓╗╣╣╣╜ ╟╣╣╬   ╣╣╣  ╣╣╣  ╟╣╣╦╓    ╣╣╣╣╣
 ╙   ╓╦╖    ╬╬╣╣   ╓╗╗╖            ╙╝╣╣╣╣╝╜   ╘╝╝╜   ╝╝╝  ╝╝╝   ╙╣╣╣    ╟╣╣╣
   ╩╬╬╬╬╬╬╦╦╬╬╣╣╗╣╣╣╣╣╣╣╝                                             ╫╣╣╣╣
      ╙╬╬╬╬╬╬╬╣╣╣╣╣╣╝╜
          ╙╬╬╬╣╣╣╜
             ╙
        
 Version information:
  ml-agents: 1.1.0,
  ml-agents-envs: 1.1.0,
  Communicator API: 1.5.0,
  PyTorch: 2.8.0+cu128
[INFO] Connected to Unity environment with package version 3.0.0-exp.1 and communication version 1.5.0
[INFO] Connected new brain: OctagonAgentSolo?team=0
[INFO] Hyperparameters for behavior name OctagonAgentSolo: 
	trainer_type:	ppo
	hyperparameters:	
	  batch_size:	512
	  buffer_size:	10240
	  learning_rate:	0.0003
	  beta:	0.005
	  epsilon:	0.2
	  lambd:	0.95
	  num_epoch:	3
	  shared_critic:	False
	  learning_rate_schedule:	linear
	  beta_schedule:	linear
	  epsilon_schedule:	linear
	checkpoint_interval:	100000
	network_settings:	
	  normalize:	False
	  hidden_units:	512
	  num_layers:	2
	  vis_encode_type:	simple
	  memory:	
	    sequence_length:	64
	    memory_size:	256
	  goal_conditioning_type:	hyper
	  deterministic:	False
	reward_signals:	
	  extrinsic:	
	    gamma:	0.99
	    strength:	1.0
	    network_settings:	
	      normalize:	False
	      hidden_units:	128
	      num_layers:	2
	      vis_encode_type:	simple
	      memory:	None
	      goal_conditioning_type:	hyper
	      deterministic:	False
	  rnd:	
	    gamma:	0.99
	    strength:	0.01
	    network_settings:	
	      normalize:	False
	      hidden_units:	128
	      num_layers:	2
	      vis_encode_type:	simple
	      memory:	None
	      goal_conditioning_type:	hyper
	      deterministic:	False
	    learning_rate:	0.0001
	    encoding_size:	None
	init_path:	None
	keep_checkpoints:	30
	even_checkpoints:	False
	max_steps:	3000000
	time_horizon:	128
	summary_freq:	20000
	threaded:	False
	self_play:	None
	behavioral_cloning:	None
[INFO] Resuming from results/2605/260515/260515_0005/OctagonAgentSolo.
[INFO] Resuming training from step 3000110.
[INFO] Parameter 'step_penalty' is in lesson 'step_penalty' and has value 'Float: value=0.001'.
[INFO] OctagonAgentSolo. Step: 3020000. Time Elapsed: 184.374 s. Mean Reward: 0.231. Std of Reward: 0.296. Not Training.
[INFO] OctagonAgentSolo. Step: 3040000. Time Elapsed: 369.791 s. Mean Reward: 0.335. Std of Reward: 0.299. Not Training.
[INFO] OctagonAgentSolo. Step: 3060000. Time Elapsed: 555.186 s. Mean Reward: 0.314. Std of Reward: 0.300. Not Training.
[INFO] OctagonAgentSolo. Step: 3080000. Time Elapsed: 740.652 s. Mean Reward: 0.238. Std of Reward: 0.296. Not Training.
[INFO] OctagonAgentSolo. Step: 3100000. Time Elapsed: 926.838 s. Mean Reward: 0.323. Std of Reward: 0.299. Not Training.
/home/tom/miniconda3/envs/mlagents/lib/python3.10/site-packages/torch/onnx/symbolic_opset9.py:4244: UserWarning: Exporting a model to ONNX with a batch_size other than 1, with a variable length with LSTM can cause an error when running the ONNX model with a different batch size. Make sure to save the model with a batch size of 1, or define the initial states (h0/c0) as inputs of the model. 
  warnings.warn(
[INFO] Exported results/2605/260515/260515_0005/OctagonAgentSolo/OctagonAgentSolo-3099975.onnx
[INFO] OctagonAgentSolo. Step: 3120000. Time Elapsed: 1113.558 s. Mean Reward: 0.253. Std of Reward: 0.289. Not Training.
[INFO] OctagonAgentSolo. Step: 3140000. Time Elapsed: 1299.820 s. Mean Reward: 0.268. Std of Reward: 0.303. Not Training.
[INFO] OctagonAgentSolo. Step: 3160000. Time Elapsed: 1487.336 s. Mean Reward: 0.296. Std of Reward: 0.297. Not Training.
[INFO] OctagonAgentSolo. Step: 3180000. Time Elapsed: 1675.285 s. Mean Reward: 0.346. Std of Reward: 0.297. Not Training.
[INFO] OctagonAgentSolo. Step: 3200000. Time Elapsed: 1862.119 s. Mean Reward: 0.268. Std of Reward: 0.291. Not Training.
[INFO] Exported results/2605/260515/260515_0005/OctagonAgentSolo/OctagonAgentSolo-3199939.onnx
[INFO] OctagonAgentSolo. Step: 3220000. Time Elapsed: 2049.940 s. Mean Reward: 0.285. Std of Reward: 0.301. Not Training.
[INFO] OctagonAgentSolo. Step: 3240000. Time Elapsed: 2238.960 s. Mean Reward: 0.347. Std of Reward: 0.303. Not Training.
[INFO] OctagonAgentSolo. Step: 3260000. Time Elapsed: 2426.265 s. Mean Reward: 0.307. Std of Reward: 0.296. Not Training.
[INFO] OctagonAgentSolo. Step: 3280000. Time Elapsed: 2613.473 s. Mean Reward: 0.307. Std of Reward: 0.287. Not Training.
[INFO] OctagonAgentSolo. Step: 3300000. Time Elapsed: 2801.577 s. Mean Reward: 0.269. Std of Reward: 0.299. Not Training.
[INFO] Exported results/2605/260515/260515_0005/OctagonAgentSolo/OctagonAgentSolo-3299976.onnx
[INFO] OctagonAgentSolo. Step: 3320000. Time Elapsed: 2989.556 s. Mean Reward: 0.300. Std of Reward: 0.311. Not Training.
[INFO] OctagonAgentSolo. Step: 3340000. Time Elapsed: 3177.646 s. Mean Reward: 0.326. Std of Reward: 0.304. Not Training.
[INFO] OctagonAgentSolo. Step: 3360000. Time Elapsed: 3365.579 s. Mean Reward: 0.304. Std of Reward: 0.304. Not Training.
[INFO] OctagonAgentSolo. Step: 3380000. Time Elapsed: 3553.517 s. Mean Reward: 0.265. Std of Reward: 0.304. Not Training.
[INFO] OctagonAgentSolo. Step: 3400000. Time Elapsed: 3741.319 s. Mean Reward: 0.361. Std of Reward: 0.294. Not Training.
[INFO] Exported results/2605/260515/260515_0005/OctagonAgentSolo/OctagonAgentSolo-3399889.onnx
[INFO] OctagonAgentSolo. Step: 3420000. Time Elapsed: 3930.051 s. Mean Reward: -0.474. Std of Reward: 0.694. Not Training.
[INFO] OctagonAgentSolo. Step: 3440000. Time Elapsed: 4120.023 s. Mean Reward: -0.999. Std of Reward: 0.001. Not Training.
[INFO] OctagonAgentSolo. Step: 3460000. Time Elapsed: 4312.653 s. Mean Reward: -0.999. Std of Reward: 0.001. Not Training.
[INFO] OctagonAgentSolo. Step: 3480000. Time Elapsed: 4505.424 s. Mean Reward: -0.999. Std of Reward: 0.001. Not Training.
[INFO] OctagonAgentSolo. Step: 3500000. Time Elapsed: 4697.937 s. Mean Reward: 0.033. Std of Reward: 0.473. Not Training.
[INFO] Exported results/2605/260515/260515_0005/OctagonAgentSolo/OctagonAgentSolo-3499924.onnx
[INFO] OctagonAgentSolo. Step: 3520000. Time Elapsed: 4890.924 s. Mean Reward: 0.341. Std of Reward: 0.311. Not Training.
